#-----------------------------------------------------------
# Vivado v2019.1 (64-bit)
# SW Build 2552052 on Fri May 24 14:49:42 MDT 2019
# IP Build 2548770 on Fri May 24 18:01:18 MDT 2019
# Start of session at: Fri Apr 19 15:06:30 2024
# Process ID: 17332
# Current directory: C:/Users/aloos/complete_final_version/version_one 1/version_one
# Command line: vivado.exe -gui_launcher_event rodinguilauncherevent16924 C:\Users\aloos\complete_final_version\version_one 1\version_one\version_one.xpr
# Log file: C:/Users/aloos/complete_final_version/version_one 1/version_one/vivado.log
# Journal file: C:/Users/aloos/complete_final_version/version_one 1/version_one\vivado.jou
#-----------------------------------------------------------
start_gui
open_project {C:/Users/aloos/complete_final_version/version_one 1/version_one/version_one.xpr}
update_compile_order -fileset sources_1
reset_run synth_1
reset_run blk_mem_gen_4_synth_1
reset_run blk_mem_gen_8_synth_1
reset_run dist_mem_gen_1_synth_1
launch_runs impl_1 -to_step write_bitstream -jobs 8
open_hw
connect_hw_server
open_hw_target
current_hw_device [get_hw_devices xc7a100t_0]
refresh_hw_device -update_hw_probes false [lindex [get_hw_devices xc7a100t_0] 0]
set_property PROBES.FILE {} [get_hw_devices xc7a100t_0]
set_property FULL_PROBES.FILE {} [get_hw_devices xc7a100t_0]
set_property PROGRAM.FILE {C:/Users/aloos/Desktop/cloud_burst.bit} [get_hw_devices xc7a100t_0]
program_hw_devices [get_hw_devices xc7a100t_0]
refresh_hw_device [lindex [get_hw_devices xc7a100t_0] 0]
launch_runs impl_1 -to_step write_bitstream -jobs 8
